// Jest Snapshot v1, https://goo.gl/fbAQLP

exports[`icon测试 icon是否插入页面中 1`] = `
<span>
  <svg
    className="my-icon"
  >
    <use
      xlinkHref="#wechat"
    />
  </svg>
</span>
`;
